I'm sorry, but errors were detected in your script. Please correct the
errors listed below, and try again.


File "game/script.rpy", line 550: screen expects a non-empty block.
    screen corredor:
                    ^

File "game/script.rpy", line 551: expected statement.
    imagemap:
            ^

Ren'Py Version: Ren'Py 7.4.11.2266
Mon Jun  6 16:34:43 2022
